// Jest Snapshot v1, https://goo.gl/fbAQLP

exports[`<Header /> desktop renders correctly 1`] = `
<nav
  className="container"
>
  <div
    className="brand-container"
  >
    <Link
      className="brand"
      replace={false}
      to="/market"
    >
      Stock Explorer!
    </Link>
  </div>
  <div
    className="nav-links"
  >
    <withRouter(SearchBar) />
    <Dropdown
      baseClassName="Dropdown"
      className="dropdown"
      controlClassName="dropdown-control"
      onChange={[Function]}
      options={
        Array [
          "USD",
          "EUR",
          "PLN",
          "GBP",
          "CHF",
        ]
      }
      value="USD"
    />
  </div>
</nav>
`;
