// Jest Snapshot v1, https://goo.gl/fbAQLP

exports[`<CompanyPage /> renders 1`] = `
<div
  className="container"
>
  <withRouter(pageTitle)
    exchange=""
    favorite={false}
    logo=""
    name=""
    onFav={[MockFunction]}
    symbol=""
  />
  <hr />
  <div>
    <div
      className="company-info-row"
    >
      <span>
        CEO: 
      </span>
      <span>
        Industry: 
      </span>
      <span>
        <a
          href=""
        >
          Website
        </a>
      </span>
    </div>
    <p>
      No Description.
    </p>
  </div>
  <hr />
  <div>
    <div
      className="fintime-container"
    >
      <button
        className="fintime-button fintime-button-active"
        key=""
        onClick={[Function]}
        type="button"
      />
    </div>
    <div
      className="fin-info"
    >
      <span>
        Gross Profit
      </span>
      <span>
        -
      </span>
      <span>
        Total Revenue
      </span>
      <span>
        -
      </span>
      <span>
        Net Income
      </span>
      <span>
        -
      </span>
      <span>
        Research And Development
      </span>
      <span>
        -
      </span>
      <span>
        Total Assets
      </span>
      <span>
        -
      </span>
      <span>
        Total Debt
      </span>
      <span>
        -
      </span>
    </div>
  </div>
</div>
`;
