// Jest Snapshot v1, https://goo.gl/fbAQLP

exports[`<StockPage /> renders 1`] = `
<div
  className="container"
>
  <withRouter(pageTitle)
    exchange=""
    favorite={false}
    link={true}
    logo=""
    name=""
    onFav={[MockFunction]}
    symbol=""
  />
  <hr />
  <div>
    <div
      className="charttime-container"
    >
      <button
        className="charttime-button charttime-button-active"
        key="1m"
        onClick={[Function]}
        type="button"
      >
        1m
      </button>
      <button
        className="charttime-button null"
        key="3m"
        onClick={[Function]}
        type="button"
      >
        3m
      </button>
      <button
        className="charttime-button null"
        key="6m"
        onClick={[Function]}
        type="button"
      >
        6m
      </button>
      <button
        className="charttime-button null"
        key="1y"
        onClick={[Function]}
        type="button"
      >
        1y
      </button>
      <button
        className="charttime-button null"
        key="2y"
        onClick={[Function]}
        type="button"
      >
        2y
      </button>
    </div>
    <stockChart
      data={
        Array [
          Object {
            "close": 1,
            "label": "a",
          },
          Object {
            "close": 2,
            "label": "b",
          },
          Object {
            "close": 3,
            "label": "c",
          },
        ]
      }
    />
    <div
      className="book-info"
    >
      <span>
        Close:
      </span>
      <span>
        0 USD
      </span>
      <span>
        Latest Price:
      </span>
      <span>
        0 USD
      </span>
      <span>
        Change Percent:
      </span>
      <span>
        NaN%
      </span>
      <span>
        Change:
      </span>
      <span>
        0 USD
      </span>
      <span>
        High:
      </span>
      <span>
        0 USD
      </span>
      <span>
        Week52 High:
      </span>
      <span>
        0 USD
      </span>
      <span>
        Low:
      </span>
      <span>
        0 USD
      </span>
      <span>
        Week52 Low:
      </span>
      <span>
        0 USD
      </span>
      <span>
        Market Cap:
      </span>
      <span>
        0 USD
      </span>
      <span>
        Pe Ratio:
      </span>
      <span>
        0 USD
      </span>
    </div>
  </div>
  <hr />
  <div>
    <p>
      Relevant:
    </p>
    <div
      className="relevant"
    >
      <Draggable
        allowAnyClick={false}
        axis="x"
        bounds={
          Object {
            "left": 105.6,
            "right": 0,
          }
        }
        cancel={null}
        defaultClassName="react-draggable"
        defaultClassNameDragged="react-draggable-dragged"
        defaultClassNameDragging="react-draggable-dragging"
        defaultPosition={
          Object {
            "x": 0,
            "y": 0,
          }
        }
        disabled={false}
        enableUserSelectHack={true}
        grid={null}
        handle={null}
        offsetParent={null}
        onDrag={[Function]}
        onMouseDown={[Function]}
        onStart={[Function]}
        onStop={[Function]}
        position={null}
        transform={null}
      >
        <div
          className="relevant-inner"
        >
          <relevantPanel
            change={0.02}
            close="2"
            key="rel-COM"
            name="Company"
            onSelect={[Function]}
            symbol="COM"
          />
          <relevantPanel
            change={0.03}
            close="3"
            key="rel-OTH"
            name="Other"
            onSelect={[Function]}
            symbol="OTH"
          />
          <relevantPanel
            change={0.04}
            close="4"
            key="rel-OT2"
            name="Other 2"
            onSelect={[Function]}
            symbol="OT2"
          />
        </div>
      </Draggable>
    </div>
  </div>
</div>
`;
