// Jest Snapshot v1, https://goo.gl/fbAQLP

exports[`<PageTitle /> renders 1`] = `
<div
  className="title-bar"
>
  <div
    style={
      Object {
        "display": "flex",
      }
    }
  >
    <img
      alt="Company's logo"
      height={56}
      src="https://placekitten.com/g/56/56"
      style={
        Object {
          "maxWidth": "100px",
        }
      }
    />
    <div>
      <div
        style={
          Object {
            "display": "flex",
          }
        }
      >
        <h6>
          Company
        </h6>
        <button
          className="favorite-button"
          onClick={[Function]}
          type="button"
        >
          <i
            className="material-icons"
          >
            favorite_border
          </i>
        </button>
      </div>
      <span>
        PRI: COM
      </span>
    </div>
  </div>
  <button
    className="back-button"
    onClick={[Function]}
    type="button"
  >
    <i
      className="material-icons md-48"
    >
      arrow_back
    </i>
  </button>
</div>
`;
