// Jest Snapshot v1, https://goo.gl/fbAQLP

exports[`<app /> renders without crashing 1`] = `
<div
  className="App"
>
  <withRouter(header)
    currency="USD"
    currencyChange={[Function]}
  />
  <Switch>
    <Route
      exact={true}
      path="/"
      render={[Function]}
    />
    <Route
      exact={true}
      path="/market"
      render={[Function]}
    />
    <Route
      exact={true}
      path="/stock"
      render={[Function]}
    />
    <Route
      exact={true}
      path="/company"
      render={[Function]}
    />
    <Route
      render={[Function]}
    />
  </Switch>
</div>
`;
